../Core/Src/main.c:86:5:main	8	static
../Core/Src/main.c:176:6:SystemClock_Config	88	static
../Core/Src/main.c:224:13:MX_I2C1_Init	8	static
../Core/Src/main.c:258:13:MX_TIM2_Init	32	static
../Core/Src/main.c:303:13:MX_USART2_UART_Init	8	static
../Core/Src/main.c:336:13:MX_GPIO_Init	48	static
../Core/Src/main.c:389:6:configureTimerForRunTimeStats	4	static
../Core/Src/main.c:394:15:getRunTimeCounterValue	4	static
../Core/Src/main.c:408:6:StartDefaultTask	16	static
../Core/Src/main.c:427:6:HAL_TIM_PeriodElapsedCallback	16	static
../Core/Src/main.c:449:6:Error_Handler	4	static,ignoring_inline_asm
